python : Traceback 
(most recent call 
last):
At line:1 char:1
+ python tests/test_
lstm_logic_direct.py
 > test_output.txt 
2>&1; Get-Co ...
+ ~~~~~~~~~~~~~~~~~~
~~~~~~~~~~~~~~~~~~~~
~~~~~~~~~~~~~~~~~~~~
~~~
    + CategoryInfo  
            : NotS  
  pecified: (Trac   
 eback (most rec    
ent call last):    
:String) [], Re    
moteException
    + FullyQualifie 
   dErrorId : Nati  
  veCommandError
 
  File 
"C:\Users\Ari Azis\H
ackathon2025\Jakarta
-Floodnet\tests\test
_lstm_logic_direct.p
y", line 8, in 
<module>
    
print("\U0001f680 
Direct LSTM Logic 
Verification 
(Simplified)")
  File 
"C:\Users\Ari Azis\A
ppData\Local\Program
s\Python\Python312\L
ib\encodings\cp1252.
py", line 19, in 
encode
    return codecs.ch
armap_encode(input,s
elf.errors,encoding_
table)[0]
           ^^^^^^^^^
^^^^^^^^^^^^^^^^^^^^
^^^^^^^^^^^^^^^^^^^^
^^^^^^
UnicodeEncodeError: 
'charmap' codec 
can't encode 
character 
'\U0001f680' in 
position 0: 
character maps to 
<undefined>
